[0.018s] Invoking command in '/home/nvidia/ros2_ws/src/rby1_movement/build/rby1_movement': /usr/bin/cmake /home/nvidia/ros2_ws/src/rby1_movement -DCMAKE_INSTALL_PREFIX=/home/nvidia/ros2_ws/src/rby1_movement/install/rby1_movement
[0.112s] -- The C compiler identification is GNU 11.4.0
[0.257s] -- The CXX compiler identification is GNU 11.4.0
[0.275s] -- Detecting C compiler ABI info
[0.415s] -- Detecting C compiler ABI info - done
[0.462s] -- Check for working C compiler: /usr/bin/cc - skipped
[0.463s] -- Detecting C compile features
[0.464s] -- Detecting C compile features - done
[0.495s] -- Detecting CXX compiler ABI info
[0.643s] -- Detecting CXX compiler ABI info - done
[0.690s] -- Check for working CXX compiler: /usr/bin/c++ - skipped
[0.691s] -- Detecting CXX compile features
[0.693s] -- Detecting CXX compile features - done
[0.731s] -- Found ament_cmake: 1.3.11 (/opt/ros/humble/share/ament_cmake/cmake)
[1.032s] -- Found Python3: /usr/bin/python3 (found version "3.10.12") found components: Interpreter
[1.356s] -- Found rclcpp: 16.0.12 (/opt/ros/humble/share/rclcpp/cmake)
[1.505s] -- Found rosidl_generator_c: 3.1.6 (/opt/ros/humble/share/rosidl_generator_c/cmake)
[1.527s] -- Found rosidl_adapter: 3.1.6 (/opt/ros/humble/share/rosidl_adapter/cmake)
[1.556s] -- Found rosidl_generator_cpp: 3.1.6 (/opt/ros/humble/share/rosidl_generator_cpp/cmake)
[1.592s] -- Using all available rosidl_typesupport_c: rosidl_typesupport_fastrtps_c;rosidl_typesupport_introspection_c
[1.642s] -- Using all available rosidl_typesupport_cpp: rosidl_typesupport_fastrtps_cpp;rosidl_typesupport_introspection_cpp
[1.790s] -- Found rmw_implementation_cmake: 6.1.2 (/opt/ros/humble/share/rmw_implementation_cmake/cmake)
[1.802s] -- Found rmw_cyclonedds_cpp: 1.3.4 (/opt/ros/humble/share/rmw_cyclonedds_cpp/cmake)
[1.872s] -- Using RMW implementation 'rmw_cyclonedds_cpp' as default
[1.907s] -- Performing Test CMAKE_HAVE_LIBC_PTHREAD
[2.027s] -- Performing Test CMAKE_HAVE_LIBC_PTHREAD - Success
[2.028s] -- Found Threads: TRUE
[2.176s] -- Found sensor_msgs: 4.8.0 (/opt/ros/humble/share/sensor_msgs/cmake)
[2.311s] -- Found ament_lint_auto: 0.12.12 (/opt/ros/humble/share/ament_lint_auto/cmake)
[2.407s] Error parsing '/home/nvidia/ros2_ws/src/rby1_movement/package.xml':
[2.490s] Traceback (most recent call last):
[2.490s]   File "/usr/lib/python3/dist-packages/catkin_pkg/package.py", line 610, in parse_package_string
[2.493s]     root = dom.parseString(data)
[2.493s]   File "/usr/lib/python3.10/xml/dom/minidom.py", line 2000, in parseString
[2.494s]     return expatbuilder.parseString(string)
[2.494s]   File "/usr/lib/python3.10/xml/dom/expatbuilder.py", line 925, in parseString
[2.496s]     return builder.parseString(string)
[2.496s]   File "/usr/lib/python3.10/xml/dom/expatbuilder.py", line 223, in parseString
[2.496s]     parser.Parse(string, True)
[2.496s] xml.parsers.expat.ExpatError: unclosed token: line 2, column 0
[2.496s] 
[2.497s] During handling of the above exception, another exception occurred:
[2.497s] 
[2.497s] Traceback (most recent call last):
[2.497s]   File "/opt/ros/humble/share/ament_cmake_core/cmake/core/package_xml_2_cmake.py", line 150, in <module>
[2.497s]     main()
[2.497s]   File "/opt/ros/humble/share/ament_cmake_core/cmake/core/package_xml_2_cmake.py", line 53, in main
[2.497s]     raise e
[2.498s]   File "/opt/ros/humble/share/ament_cmake_core/cmake/core/package_xml_2_cmake.py", line 49, in main
[2.498s]     package = parse_package_string(
[2.498s]   File "/usr/lib/python3/dist-packages/catkin_pkg/package.py", line 612, in parse_package_string
[2.498s]     raise InvalidPackage('The manifest contains invalid XML:\n%s' % ex, filename)
[2.498s] catkin_pkg.package.InvalidPackage: Error(s) in package '/home/nvidia/ros2_ws/src/rby1_movement/package.xml':
[2.498s] The manifest contains invalid XML:
[2.498s] unclosed token: line 2, column 0
[2.540s] [31mCMake Error at /opt/ros/humble/share/ament_cmake_core/cmake/core/ament_package_xml.cmake:95 (message):
[2.540s]   execute_process(/usr/bin/python3
[2.541s]   /opt/ros/humble/share/ament_cmake_core/cmake/core/package_xml_2_cmake.py
[2.541s]   /home/nvidia/ros2_ws/src/rby1_movement/package.xml
[2.541s]   /home/nvidia/ros2_ws/src/rby1_movement/build/rby1_movement/ament_cmake_core/package.cmake)
[2.541s]   returned error code 1
[2.542s] Call Stack (most recent call first):
[2.542s]   /opt/ros/humble/share/ament_cmake_core/cmake/core/ament_package_xml.cmake:49 (_ament_package_xml)
[2.542s]   /opt/ros/humble/share/ament_lint_auto/cmake/ament_lint_auto_find_test_dependencies.cmake:31 (ament_package_xml)
[2.542s]   CMakeLists.txt:37 (ament_lint_auto_find_test_dependencies)
[2.543s] 
[2.543s] [0m
[2.543s] -- Configuring incomplete, errors occurred!
[2.580s] Invoked command in '/home/nvidia/ros2_ws/src/rby1_movement/build/rby1_movement' returned '1': /usr/bin/cmake /home/nvidia/ros2_ws/src/rby1_movement -DCMAKE_INSTALL_PREFIX=/home/nvidia/ros2_ws/src/rby1_movement/install/rby1_movement
