[0.000000] (-) TimerEvent: {}
[0.000635] (rby1_movement) JobQueued: {'identifier': 'rby1_movement', 'dependencies': OrderedDict()}
[0.001113] (rby1_movement) JobStarted: {'identifier': 'rby1_movement'}
[0.016566] (rby1_movement) JobProgress: {'identifier': 'rby1_movement', 'progress': 'cmake'}
[0.017537] (rby1_movement) Command: {'cmd': ['/usr/bin/cmake', '/home/nvidia/ros2_ws/src/rby1_movement', '-DCMAKE_INSTALL_PREFIX=/home/nvidia/ros2_ws/src/rby1_movement/install/rby1_movement'], 'cwd': '/home/nvidia/ros2_ws/src/rby1_movement/build/rby1_movement', 'env': OrderedDict([('LESSOPEN', '| /usr/bin/lesspipe %s'), ('USER', 'nvidia'), ('SSH_CLIENT', '192.168.1.2 60220 22'), ('XDG_SESSION_TYPE', 'tty'), ('SHLVL', '1'), ('LD_LIBRARY_PATH', '/usr/local/cuda-12.2/lib64:/home/nvidia/ros2_ws/install/zed_components/lib:/home/nvidia/ros2_ws/install/wiimote/lib:/home/nvidia/ros2_ws/install/wiimote_msgs/lib:/home/nvidia/ros2_ws/install/tcp_tunnel/lib:/home/nvidia/ros2_ws/install/spacenav/lib:/home/nvidia/ros2_ws/install/joy/lib:/home/nvidia/ros2_ws/install/keyboard_msgs/lib:/opt/ros/humble/opt/rviz_ogre_vendor/lib:/opt/ros/humble/lib/aarch64-linux-gnu:/opt/ros/humble/lib'), ('MOTD_SHOWN', 'pam'), ('HOME', '/home/nvidia'), ('OLDPWD', '/home/nvidia/ros2_ws/src'), ('SSH_TTY', '/dev/pts/0'), ('ROS_PYTHON_VERSION', '3'), ('DBUS_SESSION_BUS_ADDRESS', 'unix:path=/run/user/1000/bus'), ('COLCON_PREFIX_PATH', '/home/nvidia/ros2_ws/install'), ('ROS_DISTRO', 'humble'), ('LOGNAME', 'nvidia'), ('_', '/usr/bin/colcon'), ('ROS_VERSION', '2'), ('XDG_SESSION_CLASS', 'user'), ('TERM', 'xterm-256color'), ('XDG_SESSION_ID', '13'), ('ROS_LOCALHOST_ONLY', '0'), ('PATH', '/home/nvidia/.local/bin:/usr/local/cuda-12.2/bin:/opt/ros/humble/bin:/usr/local/sbin:/usr/local/bin:/usr/sbin:/usr/bin:/sbin:/bin:/usr/games:/usr/local/games:/snap/bin:/home/nvidia/.local/bin'), ('XDG_RUNTIME_DIR', '/run/user/1000'), ('DISPLAY', 'localhost:10.0'), ('LANG', 'en_US.UTF-8'), ('RMW_IMPLEMENTATION', 'rmw_cyclonedds_cpp'), ('LS_COLORS', 'rs=0:di=01;34:ln=01;36:mh=00:pi=40;33:so=01;35:do=01;35:bd=40;33;01:cd=40;33;01:or=40;31;01:mi=00:su=37;41:sg=30;43:ca=30;41:tw=30;42:ow=34;42:st=37;44:ex=01;32:*.tar=01;31:*.tgz=01;31:*.arc=01;31:*.arj=01;31:*.taz=01;31:*.lha=01;31:*.lz4=01;31:*.lzh=01;31:*.lzma=01;31:*.tlz=01;31:*.txz=01;31:*.tzo=01;31:*.t7z=01;31:*.zip=01;31:*.z=01;31:*.dz=01;31:*.gz=01;31:*.lrz=01;31:*.lz=01;31:*.lzo=01;31:*.xz=01;31:*.zst=01;31:*.tzst=01;31:*.bz2=01;31:*.bz=01;31:*.tbz=01;31:*.tbz2=01;31:*.tz=01;31:*.deb=01;31:*.rpm=01;31:*.jar=01;31:*.war=01;31:*.ear=01;31:*.sar=01;31:*.rar=01;31:*.alz=01;31:*.ace=01;31:*.zoo=01;31:*.cpio=01;31:*.7z=01;31:*.rz=01;31:*.cab=01;31:*.wim=01;31:*.swm=01;31:*.dwm=01;31:*.esd=01;31:*.jpg=01;35:*.jpeg=01;35:*.mjpg=01;35:*.mjpeg=01;35:*.gif=01;35:*.bmp=01;35:*.pbm=01;35:*.pgm=01;35:*.ppm=01;35:*.tga=01;35:*.xbm=01;35:*.xpm=01;35:*.tif=01;35:*.tiff=01;35:*.png=01;35:*.svg=01;35:*.svgz=01;35:*.mng=01;35:*.pcx=01;35:*.mov=01;35:*.mpg=01;35:*.mpeg=01;35:*.m2v=01;35:*.mkv=01;35:*.webm=01;35:*.webp=01;35:*.ogm=01;35:*.mp4=01;35:*.m4v=01;35:*.mp4v=01;35:*.vob=01;35:*.qt=01;35:*.nuv=01;35:*.wmv=01;35:*.asf=01;35:*.rm=01;35:*.rmvb=01;35:*.flc=01;35:*.avi=01;35:*.fli=01;35:*.flv=01;35:*.gl=01;35:*.dl=01;35:*.xcf=01;35:*.xwd=01;35:*.yuv=01;35:*.cgm=01;35:*.emf=01;35:*.ogv=01;35:*.ogx=01;35:*.aac=00;36:*.au=00;36:*.flac=00;36:*.m4a=00;36:*.mid=00;36:*.midi=00;36:*.mka=00;36:*.mp3=00;36:*.mpc=00;36:*.ogg=00;36:*.ra=00;36:*.wav=00;36:*.oga=00;36:*.opus=00;36:*.spx=00;36:*.xspf=00;36:'), ('ROS_DOMAIN_ID', '5'), ('AMENT_PREFIX_PATH', '/home/nvidia/ros2_ws/install/zed_ros2:/home/nvidia/ros2_ws/install/zed_wrapper:/home/nvidia/ros2_ws/install/zed_components:/home/nvidia/ros2_ws/install/wiimote:/home/nvidia/ros2_ws/install/wiimote_msgs:/home/nvidia/ros2_ws/install/tcp_tunnel:/home/nvidia/ros2_ws/install/spacenav:/home/nvidia/ros2_ws/install/joy:/home/nvidia/ros2_ws/install/sdl2_vendor:/home/nvidia/ros2_ws/install/rby1_robot_state:/home/nvidia/ros2_ws/install/keyboard:/home/nvidia/ros2_ws/install/keyboard_msgs:/home/nvidia/ros2_ws/install/joy_linux:/opt/ros/humble'), ('SHELL', '/bin/bash'), ('LESSCLOSE', '/usr/bin/lesspipe %s %s'), ('PWD', '/home/nvidia/ros2_ws/src/rby1_movement/build/rby1_movement'), ('SSH_CONNECTION', '192.168.1.2 60220 192.168.1.3 22'), ('XDG_DATA_DIRS', '/usr/share/gnome:/usr/local/share:/usr/share:/var/lib/snapd/desktop'), ('PYTHONPATH', '/home/nvidia/ros2_ws/install/wiimote_msgs/local/lib/python3.10/dist-packages:/home/nvidia/ros2_ws/install/tcp_tunnel/local/lib/python3.10/dist-packages:/home/nvidia/ros2_ws/install/keyboard_msgs/local/lib/python3.10/dist-packages:/opt/ros/humble/lib/python3.10/site-packages:/opt/ros/humble/local/lib/python3.10/dist-packages'), ('COLCON', '1'), ('CMAKE_PREFIX_PATH', '/home/nvidia/ros2_ws/install/zed_ros2:/home/nvidia/ros2_ws/install/zed_wrapper:/home/nvidia/ros2_ws/install/zed_components:/home/nvidia/ros2_ws/install/wiimote:/home/nvidia/ros2_ws/install/wiimote_msgs:/home/nvidia/ros2_ws/install/tcp_tunnel:/home/nvidia/ros2_ws/install/spacenav:/home/nvidia/ros2_ws/install/joy:/home/nvidia/ros2_ws/install/sdl2_vendor:/home/nvidia/ros2_ws/install/rby1_robot_state:/home/nvidia/ros2_ws/install/keyboard:/home/nvidia/ros2_ws/install/keyboard_msgs:/home/nvidia/ros2_ws/install/joy_linux')]), 'shell': False}
[0.099348] (-) TimerEvent: {}
[0.112918] (rby1_movement) StdoutLine: {'line': b'-- The C compiler identification is GNU 11.4.0\n'}
[0.199482] (-) TimerEvent: {}
[0.257533] (rby1_movement) StdoutLine: {'line': b'-- The CXX compiler identification is GNU 11.4.0\n'}
[0.275838] (rby1_movement) StdoutLine: {'line': b'-- Detecting C compiler ABI info\n'}
[0.299576] (-) TimerEvent: {}
[0.400276] (-) TimerEvent: {}
[0.415766] (rby1_movement) StdoutLine: {'line': b'-- Detecting C compiler ABI info - done\n'}
[0.462813] (rby1_movement) StdoutLine: {'line': b'-- Check for working C compiler: /usr/bin/cc - skipped\n'}
[0.463829] (rby1_movement) StdoutLine: {'line': b'-- Detecting C compile features\n'}
[0.465087] (rby1_movement) StdoutLine: {'line': b'-- Detecting C compile features - done\n'}
[0.496063] (rby1_movement) StdoutLine: {'line': b'-- Detecting CXX compiler ABI info\n'}
[0.500360] (-) TimerEvent: {}
[0.601079] (-) TimerEvent: {}
[0.643287] (rby1_movement) StdoutLine: {'line': b'-- Detecting CXX compiler ABI info - done\n'}
[0.691385] (rby1_movement) StdoutLine: {'line': b'-- Check for working CXX compiler: /usr/bin/c++ - skipped\n'}
[0.692334] (rby1_movement) StdoutLine: {'line': b'-- Detecting CXX compile features\n'}
[0.694315] (rby1_movement) StdoutLine: {'line': b'-- Detecting CXX compile features - done\n'}
[0.701113] (-) TimerEvent: {}
[0.732214] (rby1_movement) StdoutLine: {'line': b'-- Found ament_cmake: 1.3.11 (/opt/ros/humble/share/ament_cmake/cmake)\n'}
[0.801231] (-) TimerEvent: {}
[0.901761] (-) TimerEvent: {}
[1.002607] (-) TimerEvent: {}
[1.032538] (rby1_movement) StdoutLine: {'line': b'-- Found Python3: /usr/bin/python3 (found version "3.10.12") found components: Interpreter\n'}
[1.102933] (-) TimerEvent: {}
[1.203975] (-) TimerEvent: {}
[1.305201] (-) TimerEvent: {}
[1.356972] (rby1_movement) StdoutLine: {'line': b'-- Found rclcpp: 16.0.12 (/opt/ros/humble/share/rclcpp/cmake)\n'}
[1.405340] (-) TimerEvent: {}
[1.506185] (rby1_movement) StdoutLine: {'line': b'-- Found rosidl_generator_c: 3.1.6 (/opt/ros/humble/share/rosidl_generator_c/cmake)\n'}
[1.506606] (-) TimerEvent: {}
[1.528586] (rby1_movement) StdoutLine: {'line': b'-- Found rosidl_adapter: 3.1.6 (/opt/ros/humble/share/rosidl_adapter/cmake)\n'}
[1.557158] (rby1_movement) StdoutLine: {'line': b'-- Found rosidl_generator_cpp: 3.1.6 (/opt/ros/humble/share/rosidl_generator_cpp/cmake)\n'}
[1.592630] (rby1_movement) StdoutLine: {'line': b'-- Using all available rosidl_typesupport_c: rosidl_typesupport_fastrtps_c;rosidl_typesupport_introspection_c\n'}
[1.606702] (-) TimerEvent: {}
[1.642941] (rby1_movement) StdoutLine: {'line': b'-- Using all available rosidl_typesupport_cpp: rosidl_typesupport_fastrtps_cpp;rosidl_typesupport_introspection_cpp\n'}
[1.706861] (-) TimerEvent: {}
[1.791179] (rby1_movement) StdoutLine: {'line': b'-- Found rmw_implementation_cmake: 6.1.2 (/opt/ros/humble/share/rmw_implementation_cmake/cmake)\n'}
[1.803550] (rby1_movement) StdoutLine: {'line': b'-- Found rmw_cyclonedds_cpp: 1.3.4 (/opt/ros/humble/share/rmw_cyclonedds_cpp/cmake)\n'}
[1.806963] (-) TimerEvent: {}
[1.872617] (rby1_movement) StdoutLine: {'line': b"-- Using RMW implementation 'rmw_cyclonedds_cpp' as default\n"}
[1.907064] (-) TimerEvent: {}
[1.908365] (rby1_movement) StdoutLine: {'line': b'-- Performing Test CMAKE_HAVE_LIBC_PTHREAD\n'}
[2.007279] (-) TimerEvent: {}
[2.027647] (rby1_movement) StdoutLine: {'line': b'-- Performing Test CMAKE_HAVE_LIBC_PTHREAD - Success\n'}
[2.029595] (rby1_movement) StdoutLine: {'line': b'-- Found Threads: TRUE\n'}
[2.107364] (-) TimerEvent: {}
[2.177026] (rby1_movement) StdoutLine: {'line': b'-- Found sensor_msgs: 4.8.0 (/opt/ros/humble/share/sensor_msgs/cmake)\n'}
[2.207464] (-) TimerEvent: {}
[2.308192] (-) TimerEvent: {}
[2.312206] (rby1_movement) StdoutLine: {'line': b'-- Found ament_lint_auto: 0.12.12 (/opt/ros/humble/share/ament_lint_auto/cmake)\n'}
[2.407656] (rby1_movement) StderrLine: {'line': b"Error parsing '/home/nvidia/ros2_ws/src/rby1_movement/package.xml':\n"}
[2.408246] (-) TimerEvent: {}
[2.491209] (rby1_movement) StderrLine: {'line': b'Traceback (most recent call last):\n'}
[2.491592] (rby1_movement) StderrLine: {'line': b'  File "/usr/lib/python3/dist-packages/catkin_pkg/package.py", line 610, in parse_package_string\n'}
[2.493699] (rby1_movement) StderrLine: {'line': b'    root = dom.parseString(data)\n'}
[2.493874] (rby1_movement) StderrLine: {'line': b'  File "/usr/lib/python3.10/xml/dom/minidom.py", line 2000, in parseString\n'}
[2.495491] (rby1_movement) StderrLine: {'line': b'    return expatbuilder.parseString(string)\n'}
[2.495674] (rby1_movement) StderrLine: {'line': b'  File "/usr/lib/python3.10/xml/dom/expatbuilder.py", line 925, in parseString\n'}
[2.496692] (rby1_movement) StderrLine: {'line': b'    return builder.parseString(string)\n'}
[2.496963] (rby1_movement) StderrLine: {'line': b'  File "/usr/lib/python3.10/xml/dom/expatbuilder.py", line 223, in parseString\n'}
[2.497227] (rby1_movement) StderrLine: {'line': b'    parser.Parse(string, True)\n'}
[2.497454] (rby1_movement) StderrLine: {'line': b'xml.parsers.expat.ExpatError: unclosed token: line 2, column 0\n'}
[2.497631] (rby1_movement) StderrLine: {'line': b'\n'}
[2.497783] (rby1_movement) StderrLine: {'line': b'During handling of the above exception, another exception occurred:\n'}
[2.497938] (rby1_movement) StderrLine: {'line': b'\n'}
[2.498084] (rby1_movement) StderrLine: {'line': b'Traceback (most recent call last):\n'}
[2.498263] (rby1_movement) StderrLine: {'line': b'  File "/opt/ros/humble/share/ament_cmake_core/cmake/core/package_xml_2_cmake.py", line 150, in <module>\n'}
[2.498414] (rby1_movement) StderrLine: {'line': b'    main()\n'}
[2.498557] (rby1_movement) StderrLine: {'line': b'  File "/opt/ros/humble/share/ament_cmake_core/cmake/core/package_xml_2_cmake.py", line 53, in main\n'}
[2.498701] (rby1_movement) StderrLine: {'line': b'    raise e\n'}
[2.498841] (rby1_movement) StderrLine: {'line': b'  File "/opt/ros/humble/share/ament_cmake_core/cmake/core/package_xml_2_cmake.py", line 49, in main\n'}
[2.498981] (rby1_movement) StderrLine: {'line': b'    package = parse_package_string(\n'}
[2.499119] (rby1_movement) StderrLine: {'line': b'  File "/usr/lib/python3/dist-packages/catkin_pkg/package.py", line 612, in parse_package_string\n'}
[2.499258] (rby1_movement) StderrLine: {'line': b"    raise InvalidPackage('The manifest contains invalid XML:\\n%s' % ex, filename)\n"}
[2.499400] (rby1_movement) StderrLine: {'line': b"catkin_pkg.package.InvalidPackage: Error(s) in package '/home/nvidia/ros2_ws/src/rby1_movement/package.xml':\n"}
[2.499543] (rby1_movement) StderrLine: {'line': b'The manifest contains invalid XML:\n'}
[2.499682] (rby1_movement) StderrLine: {'line': b'unclosed token: line 2, column 0\n'}
[2.508425] (-) TimerEvent: {}
[2.540853] (rby1_movement) StderrLine: {'line': b'\x1b[31mCMake Error at /opt/ros/humble/share/ament_cmake_core/cmake/core/ament_package_xml.cmake:95 (message):\n'}
[2.541407] (rby1_movement) StderrLine: {'line': b'  execute_process(/usr/bin/python3\n'}
[2.541669] (rby1_movement) StderrLine: {'line': b'  /opt/ros/humble/share/ament_cmake_core/cmake/core/package_xml_2_cmake.py\n'}
[2.542078] (rby1_movement) StderrLine: {'line': b'  /home/nvidia/ros2_ws/src/rby1_movement/package.xml\n'}
[2.542369] (rby1_movement) StderrLine: {'line': b'  /home/nvidia/ros2_ws/src/rby1_movement/build/rby1_movement/ament_cmake_core/package.cmake)\n'}
[2.542611] (rby1_movement) StderrLine: {'line': b'  returned error code 1\n'}
[2.542840] (rby1_movement) StderrLine: {'line': b'Call Stack (most recent call first):\n'}
[2.543061] (rby1_movement) StderrLine: {'line': b'  /opt/ros/humble/share/ament_cmake_core/cmake/core/ament_package_xml.cmake:49 (_ament_package_xml)\n'}
[2.543281] (rby1_movement) StderrLine: {'line': b'  /opt/ros/humble/share/ament_lint_auto/cmake/ament_lint_auto_find_test_dependencies.cmake:31 (ament_package_xml)\n'}
[2.543503] (rby1_movement) StderrLine: {'line': b'  CMakeLists.txt:37 (ament_lint_auto_find_test_dependencies)\n'}
[2.543723] (rby1_movement) StderrLine: {'line': b'\n'}
[2.543937] (rby1_movement) StderrLine: {'line': b'\x1b[0m\n'}
[2.544152] (rby1_movement) StdoutLine: {'line': b'-- Configuring incomplete, errors occurred!\n'}
[2.580750] (rby1_movement) CommandEnded: {'returncode': 1}
[2.582713] (rby1_movement) JobEnded: {'identifier': 'rby1_movement', 'rc': 1}
[2.593969] (-) EventReactorShutdown: {}
